﻿
> projects@0.1.0 build C:\Users\doubl\Desktop\甯傚満閮╘2026\閮ㄩ棬淇℃伅鍖朶presales_app\workspace\app_code
> next build --webpack

鈻?Next.js 16.1.1 (webpack)
- Environments: .env.local

  Creating an optimized production build ...
鉁?Compiled successfully in 12.8s
  Running TypeScript ...
  Collecting page data using 31 workers ...
  Generating static pages using 31 workers (0/132) ...
  Generating static pages using 31 workers (33/132) 
  Generating static pages using 31 workers (66/132) 
  Generating static pages using 31 workers (99/132) 
鉁?Generating static pages using 31 workers (132/132) in 364.6ms
  Finalizing page optimization ...
  Collecting build traces ...

Route (app)
鈹?茠 /
鈹?茠 /_not-found
鈹?茠 /alerts
鈹?茠 /alerts/histories
鈹?茠 /alerts/rules
鈹?茠 /api/[...catchAll]
鈹?茠 /api/activities
鈹?茠 /api/admin/db-optimize
鈹?茠 /api/alert-rules
鈹?茠 /api/alerts/check
鈹?茠 /api/alerts/histories
鈹?茠 /api/alerts/histories/[id]/acknowledge
鈹?茠 /api/alerts/histories/[id]/resolve
鈹?茠 /api/alerts/rules
鈹?茠 /api/arbitrations
鈹?茠 /api/attributes
鈹?茠 /api/auth/change-password
鈹?茠 /api/auth/check-blacklist
鈹?茠 /api/auth/login
鈹?茠 /api/auth/logout
鈹?茠 /api/auth/me
鈹?茠 /api/auth/permissions
鈹?茠 /api/auth/refresh
鈹?茠 /api/batch
鈹?茠 /api/biddings
鈹?茠 /api/biddings/approvals
鈹?茠 /api/biddings/reminders
鈹?茠 /api/biddings/statistics
鈹?茠 /api/compare-files
鈹?茠 /api/contract-acceptances
鈹?茠 /api/contract-acceptances/[id]
鈹?茠 /api/contract-bids
鈹?茠 /api/contract-bids/[id]
鈹?茠 /api/contract-items
鈹?茠 /api/contract-items/[id]
鈹?茠 /api/contract-items/batch
鈹?茠 /api/contracts
鈹?茠 /api/contracts/[id]
鈹?茠 /api/contracts/analyze
鈹?茠 /api/contracts/upload
鈹?茠 /api/customers
鈹?茠 /api/customers/[id]
鈹?茠 /api/customers/[id]/follows
鈹?茠 /api/customers/[id]/projects
鈹?茠 /api/customers/batch-delete
鈹?茠 /api/customers/import
鈹?茠 /api/customers/sync-stats
鈹?茠 /api/dashboard
鈹?茠 /api/dashboard/stats
鈹?茠 /api/data-screen/heatmap
鈹?茠 /api/data-screen/map
鈹?茠 /api/data-screen/overview
鈹?茠 /api/data-screen/panels
鈹?茠 /api/data-screen/rankings
鈹?茠 /api/data-screen/stream
鈹?茠 /api/db/seed
鈹?茠 /api/dictionary
鈹?茠 /api/dictionary/categories
鈹?茠 /api/dictionary/categories/[code]
鈹?茠 /api/dictionary/export
鈹?茠 /api/dictionary/import
鈹?茠 /api/dictionary/items
鈹?茠 /api/dictionary/items/batch
鈹?茠 /api/dictionary/options
鈹?茠 /api/dictionary/sync
鈹?茠 /api/events
鈹?茠 /api/export
鈹?茠 /api/export/customers
鈹?茠 /api/follows
鈹?茠 /api/follows/[id]
鈹?茠 /api/follows/check
鈹?茠 /api/health
鈹?茠 /api/health/ready
鈹?茠 /api/import
鈹?茠 /api/integrations/dingtalk/config
鈹?茠 /api/integrations/dingtalk/message
鈹?茠 /api/integrations/dingtalk/oauth
鈹?茠 /api/integrations/dingtalk/oauth/test
鈹?茠 /api/knowledge/[id]
鈹?茠 /api/knowledge/categories
鈹?茠 /api/knowledge/search
鈹?茠 /api/map-data
鈹?茠 /api/messages
鈹?茠 /api/messages/[id]
鈹?茠 /api/messages/[id]/read
鈹?茠 /api/messages/read-all
鈹?茠 /api/messages/unread-count
鈹?茠 /api/migrations/dictionary
鈹?茠 /api/migrations/dictionary/init-data
鈹?茠 /api/my-tasks
鈹?茠 /api/navigation/badges
鈹?茠 /api/notifications
鈹?茠 /api/notifications/[id]
鈹?茠 /api/notifications/read-all
鈹?茠 /api/notifications/unread-count
鈹?茠 /api/operation-logs
鈹?茠 /api/performance
鈹?茠 /api/performance/calculate
鈹?茠 /api/performance/report
鈹?茠 /api/permissions
鈹?茠 /api/project-phases/[id]/solution-refs
鈹?茠 /api/project-phases/[id]/solution-refs/[refId]
鈹?茠 /api/project-types
鈹?茠 /api/projects
鈹?茠 /api/projects/[id]
鈹?茠 /api/projects/[id]/action-logs
鈹?茠 /api/projects/[id]/bidding
鈹?茠 /api/projects/[id]/bidding-logs
鈹?茠 /api/projects/[id]/bidding-logs/[logId]
鈹?茠 /api/projects/[id]/bidding-proposals
鈹?茠 /api/projects/[id]/bidding-proposals/[proposalId]
鈹?茠 /api/projects/[id]/budget-history
鈹?茠 /api/projects/[id]/competitors
鈹?茠 /api/projects/[id]/competitors/[competitorId]
鈹?茠 /api/projects/[id]/date-change-history
鈹?茠 /api/projects/[id]/decision-makers
鈹?茠 /api/projects/[id]/decision-makers/[makerId]
鈹?茠 /api/projects/[id]/follows
鈹?茠 /api/projects/[id]/gantt
鈹?茠 /api/projects/[id]/knowledge-precipitation
鈹?茠 /api/projects/[id]/members
鈹?茠 /api/projects/[id]/opportunity
鈹?茠 /api/projects/[id]/presales
鈹?茠 /api/projects/[id]/presales/[recordId]/participants
鈹?茠 /api/projects/[id]/presales/[recordId]/participants/[participantId]
鈹?茠 /api/projects/[id]/requirement-files
鈹?茠 /api/projects/[id]/risks
鈹?茠 /api/projects/[id]/settlement
鈹?茠 /api/projects/[id]/solutions
鈹?茠 /api/projects/[id]/solutions/[solutionId]
鈹?茠 /api/projects/[id]/solutions/create
鈹?茠 /api/projects/[id]/stage
鈹?茠 /api/projects/[id]/stage-evolution
鈹?茠 /api/projects/[id]/stage-history
鈹?茠 /api/projects/[id]/stage/rollback
鈹?茠 /api/projects/[id]/tasks
鈹?茠 /api/projects/[id]/tasks/stats
鈹?茠 /api/projects/batch-delete
鈹?茠 /api/projects/import
鈹?茠 /api/projects/import/confirm
鈹?茠 /api/quotations
鈹?茠 /api/quotations/[id]
鈹?茠 /api/quotations/[id]/approve
鈹?茠 /api/quotations/[id]/reject
鈹?茠 /api/quotations/[id]/submit
鈹?茠 /api/reminders/check
鈹?茠 /api/reports
鈹?茠 /api/reports/statistics
鈹?茠 /api/reports/weekly
鈹?茠 /api/reports/weekly/[id]
鈹?茠 /api/research-design
鈹?茠 /api/research-design-images
鈹?茠 /api/review-templates
鈹?茠 /api/review-templates/[id]
鈹?茠 /api/roles
鈹?茠 /api/roles/[id]
鈹?茠 /api/roles/[id]/permissions
鈹?茠 /api/schedules
鈹?茠 /api/schedules/[id]
鈹?茠 /api/search
鈹?茠 /api/search/suggestions
鈹?茠 /api/service-types
鈹?茠 /api/settings/data-permissions
鈹?茠 /api/settings/reset-system
鈹?茠 /api/settlements
鈹?茠 /api/settlements/[id]
鈹?茠 /api/settlements/[id]/archive
鈹?茠 /api/sign-modes
鈹?茠 /api/smart-assign
鈹?茠 /api/solution-templates
鈹?茠 /api/solution-templates/[id]
鈹?茠 /api/solution-types
鈹?茠 /api/solutions
鈹?茠 /api/solutions/[id]
鈹?茠 /api/solutions/[id]/create-from-template
鈹?茠 /api/solutions/[id]/download-all
鈹?茠 /api/solutions/[id]/downloads
鈹?茠 /api/solutions/[id]/members
鈹?茠 /api/solutions/[id]/members/[memberId]
鈹?茠 /api/solutions/[id]/permissions
鈹?茠 /api/solutions/[id]/projects
鈹?茠 /api/solutions/[id]/projects/[projectId]
鈹?茠 /api/solutions/[id]/references
鈹?茠 /api/solutions/[id]/reviews
鈹?茠 /api/solutions/[id]/reviews/[reviewId]
鈹?茠 /api/solutions/[id]/reviews/[reviewId]/submit
鈹?茠 /api/solutions/[id]/score
鈹?茠 /api/solutions/[id]/score/history
鈹?茠 /api/solutions/[id]/set-as-template
鈹?茠 /api/solutions/[id]/statistics
鈹?茠 /api/solutions/[id]/statistics/summary
鈹?茠 /api/solutions/[id]/sub-schemes
鈹?茠 /api/solutions/[id]/sub-schemes/[subId]
鈹?茠 /api/solutions/[id]/sub-schemes/[subId]/files
鈹?茠 /api/solutions/[id]/sub-schemes/[subId]/files/[fileId]
鈹?茠 /api/solutions/[id]/sub-schemes/[subId]/files/history
鈹?茠 /api/solutions/[id]/team
鈹?茠 /api/solutions/[id]/team/[memberId]
鈹?茠 /api/solutions/[id]/template-files
鈹?茠 /api/solutions/[id]/usage-records
鈹?茠 /api/solutions/[id]/versions
鈹?茠 /api/solutions/[id]/versions/[versionId]
鈹?茠 /api/solutions/[id]/versions/[versionId]/publish
鈹?茠 /api/solutions/[id]/versions/[versionId]/rollback
鈹?茠 /api/solutions/[id]/versions/compare
鈹?茠 /api/solutions/files/[id]/hash
鈹?茠 /api/solutions/files/hash
鈹?茠 /api/solutions/leaderboard
鈹?茠 /api/solutions/stats
鈹?茠 /api/solutions/templates
鈹?茠 /api/staff
鈹?茠 /api/staff-assessments
鈹?茠 /api/staff-projects
鈹?茠 /api/staff-tags
鈹?茠 /api/staff/[id]
鈹?茠 /api/staff/activities
鈹?茠 /api/staff/activities/[id]
鈹?茠 /api/staff/profile
鈹?茠 /api/staff/profile/[id]
鈹?茠 /api/staff/relations/customers
鈹?茠 /api/staff/relations/customers/[id]
鈹?茠 /api/staff/relations/projects
鈹?茠 /api/staff/relations/projects/[id]
鈹?茠 /api/staff/relations/regions
鈹?茠 /api/staff/relations/regions/[id]
鈹?茠 /api/staff/relations/solutions
鈹?茠 /api/staff/relations/solutions/[id]
鈹?茠 /api/starred-projects
鈹?茠 /api/subsidiaries
鈹?茠 /api/tasks
鈹?茠 /api/tasks/[id]
鈹?茠 /api/tasks/batch
鈹?茠 /api/todos
鈹?茠 /api/todos/[id]
鈹?茠 /api/todos/[id]/complete
鈹?茠 /api/upload
鈹?茠 /api/upload/chunk
鈹?茠 /api/upload/chunk/complete
鈹?茠 /api/upload/chunk/upload
鈹?茠 /api/users
鈹?茠 /api/users/batch-delete
鈹?茠 /api/work-logs
鈹?茠 /api/work-logs/[id]
鈹?茠 /api/work-logs/[id]/approve
鈹?茠 /api/work-logs/[id]/reject
鈹?茠 /api/work-logs/[id]/submit
鈹?茠 /api/workbench/summary
鈹?茠 /arbitrations
鈹?茠 /bidding
鈹?茠 /bidding/[id]
鈹?茠 /bidding/[id]/edit
鈹?茠 /bidding/create
鈹?茠 /calendar
鈹?茠 /contracts
鈹?茠 /contracts/[id]
鈹?茠 /contracts/[id]/edit
鈹?茠 /contracts/new
鈹?茠 /customers
鈹?茠 /customers/[id]
鈹?茠 /customers/new
鈹?茠 /dashboard
鈹?茠 /dashboard-settings
鈹?茠 /dashboard-v2
鈹?茠 /data-screen
鈹?茠 /integrations
鈹?茠 /login
鈹?茠 /messages
鈹?茠 /my-tasks
鈹?茠 /performance
鈹?茠 /projects
鈹?茠 /projects/[id]
鈹?茠 /schedule
鈹?茠 /schedules
鈹?茠 /schedules/new
鈹?茠 /settings
鈹?茠 /settings/companies
鈹?茠 /settings/data-backup
鈹?茠 /settings/data-permissions
鈹?茠 /settings/dictionary
鈹?茠 /settings/integrations/dingtalk
鈹?茠 /settings/performance
鈹?茠 /settings/presales
鈹?茠 /settings/project-types
鈹?茠 /settings/roles
鈹?茠 /settings/system-logs
鈹?茠 /settings/users
鈹?茠 /smart-assign
鈹?茠 /solution-templates
鈹?茠 /solutions
鈹?茠 /solutions/[id]
鈹?茠 /solutions/[id]/sub-schemes
鈹?茠 /solutions/leaderboard
鈹?茠 /solutions/new
鈹?茠 /staff
鈹?茠 /staff/[id]
鈹?茠 /tasks
鈹?茠 /work-log
鈹?茠 /work-logs
鈹?茠 /workbench


茠 Proxy (Middleware)

茠  (Dynamic)  server-rendered on demand

